Server=nginx
#####
Content-Type=application/json; charset=utf-8
Transfer-Encoding=chunked
Connection=keep-alive
Vary=Accept-Encoding
Set-#####
X-Request-#####
Strict-Transport-Security=max-age=604800
X-Content-Type-Options=nosniff
X-Robots-Tag=noindex
Content-Security-Policy=upgrade-insecure-requests
X-Powered-By=php/4.3.10-16
Content-Encoding=gzip

[
    {
        "#####
        "name": "Test_changeClientsData_after",
        "#####
        "#####
        "total_price": "100",
        "phone": "0543666666",
        "note": "call one hour after",
        "client_#####
        "#####
        "status": "status - before",
        "off_time": null,
        "address": "Israel, Maron 8, Tel Aviv",
        "birthdate": "03-01",
        "durationEditable": null,
        "added_date": "2020-03-19 10:30",
        "services": [
            {
                "color": "#50e3c1",
                "price": "50",
                "duration": 60,
                "count": 1,
                "#####
                "name": "TestService"
            }
        ]
    },
    {
        "#####
        "name": "Test_changeClientsData_after",
        "#####
        "#####
        "total_price": "100",
        "phone": "0543666666",
        "note": "call one hour after",
        "client_#####
        "#####
        "status": "status - before",
        "off_time": null,
        "address": "Israel, Maron 8, Tel Aviv",
        "birthdate": "03-01",
        "durationEditable": null,
        "added_date": "2020-03-19 10:30",
        "services": [
            {
                "color": "#50e3c1",
                "price": "50",
                "duration": 60,
                "count": 1,
                "#####
                "name": "TestService"
            }
        ]
    },
    {
        "#####
        "name": "Test_changeClientsData_after",
        "#####
        "#####
        "total_price": "100",
        "phone": "0543666666",
        "note": "call one hour after",
        "client_#####
        "#####
        "status": "status - before",
        "off_time": null,
        "address": "Israel, Maron 8, Tel Aviv",
        "birthdate": "03-01",
        "durationEditable": null,
        "added_date": "2020-03-19 10:30",
        "services": [
            {
                "color": "#50e3c1",
                "price": "50",
                "duration": 60,
                "count": 1,
                "#####
                "name": "TestService"
            }
        ]
    },
    {
        "#####
        "name": "Test_changeClientsData_after",
        "#####
        "#####
        "total_price": "100",
        "phone": "0543666666",
        "note": "call one hour after",
        "client_#####
        "#####
        "status": "status - before",
        "off_time": null,
        "address": "Israel, Maron 8, Tel Aviv",
        "birthdate": "03-01",
        "durationEditable": null,
        "added_date": "2020-03-19 10:30",
        "services": [
            {
                "color": "#50e3c1",
                "price": "50",
                "duration": 60,
                "count": 1,
                "#####
                "name": "TestService"
            }
        ]
    },
    {
        "#####
        "name": "Test_changeClientsData_after",
        "#####
        "#####
        "total_price": "100",
        "phone": "0543666666",
        "note": "call one hour after",
        "client_#####
        "#####
        "status": "status - before",
        "off_time": null,
        "address": "Israel, Maron 8, Tel Aviv",
        "birthdate": "03-01",
        "durationEditable": null,
        "added_date": "2020-03-19 10:30",
        "services": [
            {
                "color": "#50e3c1",
                "price": "50",
                "duration": 60,
                "count": 1,
                "#####
                "name": "TestService"
            }
        ]
    },
    {
        "#####
        "name": "Test_changeClientsData_after",
        "#####
        "#####
        "total_price": "100",
        "phone": "0543666666",
        "note": "call one hour after",
        "client_#####
        "#####
        "status": "status - before",
        "off_time": null,
        "address": "Israel, Maron 8, Tel Aviv",
        "birthdate": "03-01",
        "durationEditable": null,
        "added_date": "2020-03-19 10:30",
        "services": [
            {
                "color": "#50e3c1",
                "price": "50",
                "duration": 60,
                "count": 1,
                "#####
                "name": "TestService"
            }
        ]
    },
    {
        "#####
        "name": "Test_changeClientsData_after",
        "#####
        "#####
        "total_price": "100",
        "phone": "0543666666",
        "note": "call one hour after",
        "client_#####
        "#####
        "status": "status - before",
        "off_time": null,
        "address": "Israel, Maron 8, Tel Aviv",
        "birthdate": "03-01",
        "durationEditable": null,
        "added_date": "2020-03-19 10:30",
        "services": [
            {
                "color": "#50e3c1",
                "price": "50",
                "duration": 60,
                "count": 1,
                "#####
                "name": "TestService"
            }
        ]
    },
    {
        "#####
        "name": "Test_changeClientsData_after",
        "#####
        "#####
        "total_price": "100",
        "phone": "0543666666",
        "note": "call one hour after",
        "client_#####
        "#####
        "status": "status - before",
        "off_time": null,
        "address": "Israel, Maron 8, Tel Aviv",
        "birthdate": "03-01",
        "durationEditable": null,
        "added_date": "2020-03-19 10:30",
        "services": [
            {
                "color": "#50e3c1",
                "price": "50",
                "duration": 60,
                "count": 1,
                "#####
                "name": "TestService"
            }
        ]
    },
    {
        "#####
        "name": "Test_changeClientsData_after",
        "#####
        "#####
        "total_price": "100",
        "phone": "0543666666",
        "note": "call one hour after",
        "client_#####
        "#####
        "status": "status - before",
        "off_time": null,
        "address": "Israel, Maron 8, Tel Aviv",
        "birthdate": "03-01",
        "durationEditable": null,
        "added_date": "2020-03-19 10:30",
        "services": [
            {
                "color": "#50e3c1",
                "price": "50",
                "duration": 60,
                "count": 1,
                "#####
                "name": "TestService"
            }
        ]
    },
    {
        "#####
        "name": "Test_changeClientsData_after",
        "#####
        "#####
        "total_price": "100",
        "phone": "0543666666",
        "note": "call one hour after",
        "client_#####
        "#####
        "status": "status - before",
        "off_time": null,
        "address": "Israel, Maron 8, Tel Aviv",
        "birthdate": "03-01",
        "durationEditable": null,
        "added_date": "2020-03-19 10:30",
        "services": [
            {
                "color": "#50e3c1",
                "price": "50",
                "duration": 60,
                "count": 1,
                "#####
                "name": "TestService"
            }
        ]
    },
    {
        "#####
        "name": "Test_changeClientsData_after",
        "#####
        "#####
        "total_price": "100",
        "phone": "0543666666",
        "note": "call one hour after",
        "client_#####
        "#####
        "status": "status - before",
        "off_time": null,
        "address": "Israel, Maron 8, Tel Aviv",
        "birthdate": "03-01",
        "durationEditable": null,
        "added_date": "2020-03-19 10:30",
        "services": [
            {
                "color": "#50e3c1",
                "price": "50",
                "duration": 60,
                "count": 1,
                "#####
                "name": "TestService"
            }
        ]
    },
    {
        "#####
        "name": "Test_changeClientsData_after",
        "#####
        "#####
        "total_price": "100",
        "phone": "0543666666",
        "note": "call one hour after",
        "client_#####
        "#####
        "status": "status - before",
        "off_time": null,
        "address": "Israel, Maron 8, Tel Aviv",
        "birthdate": "03-01",
        "durationEditable": null,
        "added_date": "2020-03-19 10:30",
        "services": [
            {
                "color": "#50e3c1",
                "price": "50",
                "duration": 60,
                "count": 1,
                "#####
                "name": "TestService"
            }
        ]
    }
]