Server=nginx
#####
Content-Type=application/json; charset=utf-8
Transfer-Encoding=chunked
Connection=keep-alive
Vary=Accept-Encoding
Set-#####
#####
Strict-Transport-Security=max-age=604800
X-Content-Type-Options=nosniff
Content-Security-Policy=upgrade-insecure-requests
X-Powered-By=php/4.3.10-16
Content-Encoding=gzip

{
    "#####
    "name": "Test_changeClientsData_after",
    "address": "Russia, Khabarovsk, Krasnorechenskaya 179",
    "email": "QA_Test-After@mail.ru",
    "#####
    "status": "status - before",
    "birthdate": "03-01",
    "birthyear": "1991",
    "g#####
    "permit_ads": false,
    "registration_date": "2020-08-02",
    "#####
    "phone": [
        "0543666666",
        "033333333"
    ]
}