Server=nginx
#####
Content-Type=application/json; charset=utf-8
Transfer-Encoding=chunked
Connection=keep-alive
Vary=Accept-Encoding
Set-#####
X-Request-#####
Strict-Transport-Security=max-age=604800
X-Content-Type-Options=nosniff
X-Robots-Tag=noindex
Content-Security-Policy=upgrade-insecure-requests
X-Powered-By=php/4.3.10-16
Content-Encoding=gzip

[
    {
        "#####
        "name": "TestService_modified",
        "price": "40",
        "duration": 70,
        "color": "#50e3c1",
        "category": {
            "name": "TestCategory",
            "#####
        }
    }
]