[{"id":1,"name":"פגישת היכרות \/ ראשונה","price":"0","duration":90,"color":"#deceff","category":{"name":"Nutritionists and Naturopaths","id":1}},{"id":2,"name":"ייעוץ","price":"0","duration":60,"color":"#deceff","category":{"name":"Nutritionists and Naturopaths","id":1}},{"id":3,"name":"שיחה טלפונית","price":"0","duration":30,"color":"#deceff","category":{"name":"Nutritionists and Naturopaths","id":1}},{"id":4,"name":"טיפול - 45 דק'","price":"0","duration":45,"color":"#deceff","category":{"name":"Nutritionists and Naturopaths","id":1}},{"id":5,"name":"טיפול - 60 דק'","price":"0","duration":60,"color":"#deceff","category":{"name":"Nutritionists and Naturopaths","id":1}},{"id":6,"name":"טיפול - 90 דק'","price":"0","duration":90,"color":"#deceff","category":{"name":"Nutritionists and Naturopaths","id":1}},{"id":7,"name":"טיפול - 120 דק'","price":"0","duration":120,"color":"#deceff","category":{"name":"Nutritionists and Naturopaths","id":1}},{"id":8,"name":"ביקורת","price":"0","duration":60,"color":"#deceff","category":{"name":"Nutritionists and Naturopaths","id":1}}]