[{"id":1,"name":"פגישת היכרות","price":"0","duration":60,"color":"#fff581","category":{"name":"Consultants And Coachers","id":1}},{"id":2,"name":"פגישת ייעוץ\/אימון - 60 דק'","price":"0","duration":60,"color":"#fff581","category":{"name":"Consultants And Coachers","id":1}},{"id":3,"name":"פגישת ייעוץ\/אימון - 90 דק', ","price":"0","duration":90,"color":"#fff581","category":{"name":"Consultants And Coachers","id":1}},{"id":4,"name":"פגישת ייעוץ\/אימון - 120 דק', ","price":"0","duration":120,"color":"#fff581","category":{"name":"Consultants And Coachers","id":1}},{"id":5,"name":"ייעוץ\/אימון טלפוני","price":"0","duration":60,"color":"#fff581","category":{"name":"Consultants And Coachers","id":1}}]