[{"id":1,"name":"פגישת היכרות","price":"0","duration":60,"color":"#fff581","category":{"name":"Tattoo Artists","id":1}},{"id":2,"name":"פגישה עם לקוח - 60 דק'","price":"0","duration":60,"color":"#fff581","category":{"name":"Tattoo Artists","id":1}},{"id":3,"name":"פגישה עם לקוח - 90 דק'","price":"0","duration":90,"color":"#fff581","category":{"name":"Tattoo Artists","id":1}},{"id":4,"name":"פגישה עם לקוח - 120 דק'","price":"0","duration":120,"color":"#fff581","category":{"name":"Tattoo Artists","id":1}}]