[{"id":1,"name":"פגישת היכרות \/ ראשונה","price":"0","duration":90,"color":"#a44bc2","category":{"name":"Private Teachers and Tutors","id":1}},{"id":2,"name":"שיעור - 45 דק'","price":"0","duration":45,"color":"#a44bc2","category":{"name":"Private Teachers and Tutors","id":1}},{"id":3,"name":"שיעור - 60 דק'","price":"0","duration":60,"color":"#a44bc2","category":{"name":"Private Teachers and Tutors","id":1}},{"id":4,"name":"שיעור - 90 דק'","price":"0","duration":90,"color":"#a44bc2","category":{"name":"Private Teachers and Tutors","id":1}},{"id":5,"name":"שיעור - 120 דק'","price":"0","duration":120,"color":"#a44bc2","category":{"name":"Private Teachers and Tutors","id":1}}]