[{"id":1,"name":"שיחה טלפונית \/ הצעת מחיר","price":"0","duration":30,"color":"#ff98ad","category":{"name":"Pest Controllers","id":1}},{"id":2,"name":"הדברה דירת 2 חדרים","price":"0","duration":60,"color":"#ff98ad","category":{"name":"Pest Controllers","id":1}},{"id":3,"name":"הדברה דירת 3 חדרים","price":"0","duration":60,"color":"#ff98ad","category":{"name":"Pest Controllers","id":1}},{"id":4,"name":"הדברה דירת 4 חדרים","price":"0","duration":90,"color":"#ff98ad","category":{"name":"Pest Controllers","id":1}},{"id":5,"name":"הדברה יחידת דיור","price":"0","duration":60,"color":"#ff98ad","category":{"name":"Pest Controllers","id":1}},{"id":6,"name":"הדברה בית פרטי - קטן","price":"0","duration":120,"color":"#ff98ad","category":{"name":"Pest Controllers","id":1}},{"id":7,"name":"הדברה בית פרטי - גדול","price":"0","duration":180,"color":"#ff98ad","category":{"name":"Pest Controllers","id":1}},{"id":8,"name":"הדברת ביוב מרכזי","price":"0","duration":30,"color":"#ff98ad","category":{"name":"Pest Controllers","id":1}},{"id":9,"name":"הדברה חיצונית \/ חצר","price":"0","duration":60,"color":"#ff98ad","category":{"name":"Pest Controllers","id":1}},{"id":10,"name":"הדברת חנות \/ עסק \/ משרד","price":"0","duration":60,"color":"#ff98ad","category":{"name":"Pest Controllers","id":1}},{"id":11,"name":"הדברת מוסדות ציבור ","price":"0","duration":180,"color":"#ff98ad","category":{"name":"Pest Controllers","id":1}}]