[{"id":1,"name":"פגישת היכרות ","price":"0","duration":60,"color":"#3fb6dc","category":{"name":"Movers and Cleaners","id":1}},{"id":2,"name":"עבודה - שעתיים","price":"0","duration":120,"color":"#3fb6dc","category":{"name":"Movers and Cleaners","id":1}},{"id":3,"name":"עבודה - 3 שעות","price":"0","duration":180,"color":"#3fb6dc","category":{"name":"Movers and Cleaners","id":1}},{"id":4,"name":"עבודה - 4 שעות","price":"0","duration":240,"color":"#3fb6dc","category":{"name":"Movers and Cleaners","id":1}},{"id":5,"name":"עבודה - 5 שעות","price":"0","duration":300,"color":"#3fb6dc","category":{"name":"Movers and Cleaners","id":1}},{"id":6,"name":"שיחה טלפונית","price":"0","duration":30,"color":"#3fb6dc","category":{"name":"Movers and Cleaners","id":1}}]