[{"id":1,"name":"פגישת היכרות ","price":"0","duration":90,"color":"#efa5fe","category":{"name":"Real Estate Agents Marketers Insurers","id":1}},{"id":2,"name":"פגישה - 45 דק'","price":"0","duration":45,"color":"#efa5fe","category":{"name":"Real Estate Agents Marketers Insurers","id":1}},{"id":3,"name":"פגישה - 60 דק'","price":"0","duration":60,"color":"#efa5fe","category":{"name":"Real Estate Agents Marketers Insurers","id":1}},{"id":4,"name":"פגישה - 90 דק'","price":"0","duration":90,"color":"#efa5fe","category":{"name":"Real Estate Agents Marketers Insurers","id":1}},{"id":5,"name":"פגישה - 120 דק'","price":"0","duration":120,"color":"#efa5fe","category":{"name":"Real Estate Agents Marketers Insurers","id":1}},{"id":6,"name":"שיחה טלפונית","price":"0","duration":30,"color":"#efa5fe","category":{"name":"Real Estate Agents Marketers Insurers","id":1}}]