Server=nginx
###Date##
Content-Type=application/json; charset=utf-8
Transfer-Encoding=chunked
Connection=keep-alive
Vary=Accept-Encoding
###Set-Cookie##
###X-Request-Id##
Strict-Transport-Security=max-age=604800
X-Content-Type-Options=nosniff
X-Robots-Tag=noindex
Content-Security-Policy=upgrade-insecure-requests
X-Powered-By=php/4.3.10-16
Content-Encoding=gzip

[
    {
        "id": 1,
        "name": "?? ?'?",
        "price": "120",
        "duration": 45,
        "color": "#efefff",
        "category": {
            "name": "Manicure Pedicure",
            "id": 1
        }
    },
    {
        "id": 2,
        "name": "?? ?'? ???????",
        "price": "150",
        "duration": 30,
        "color": "#efefff",
        "category": {
            "name": "Manicure Pedicure",
            "id": 1
        }
    },
    {
        "id": 3,
        "name": "?????? ??????",
        "price": "45",
        "duration": 15,
        "color": "#efefff",
        "category": {
            "name": "Manicure Pedicure",
            "id": 1
        }
    },
    {
        "id": 4,
        "name": "??????",
        "price": "70",
        "duration": 30,
        "color": "#efefff",
        "category": {
            "name": "Manicure Pedicure",
            "id": 1
        }
    },
    {
        "id": 5,
        "name": "?????? ??????",
        "price": "55",
        "duration": 15,
        "color": "#efefff",
        "category": {
            "name": "Manicure Pedicure",
            "id": 1
        }
    },
    {
        "id": 6,
        "name": "??????",
        "price": "140",
        "duration": 45,
        "color": "#efefff",
        "category": {
            "name": "Manicure Pedicure",
            "id": 1
        }
    },
    {
        "id": 7,
        "name": "?????? ?????",
        "price": "155",
        "duration": 45,
        "color": "#efefff",
        "category": {
            "name": "Manicure Pedicure",
            "id": 1
        }
    },
    {
        "id": 8,
        "name": "????? + ?? ?'?",
        "price": "240",
        "duration": 60,
        "color": "#759bfa",
        "category": {
            "name": "Nail Sculpting",
            "id": 2
        }
    },
    {
        "id": 9,
        "name": "????? + ?? ?'?",
        "price": "130",
        "duration": 60,
        "color": "#759bfa",
        "category": {
            "name": "Nail Sculpting",
            "id": 2
        }
    },
    {
        "id": 10,
        "name": "????? ?????????",
        "price": "300",
        "duration": 60,
        "color": "#759bfa",
        "category": {
            "name": "Nail Sculpting",
            "id": 2
        }
    },
    {
        "id": 11,
        "name": "????? ??'?",
        "price": "220",
        "duration": 60,
        "color": "#759bfa",
        "category": {
            "name": "Nail Sculpting",
            "id": 2
        }
    },
    {
        "id": 12,
        "name": "????? ??????",
        "price": "0",
        "duration": 15,
        "color": "#759bfa",
        "category": {
            "name": "Nail Sculpting",
            "id": 2
        }
    },
    {
        "id": 13,
        "name": "????? ????",
        "price": "110",
        "duration": 60,
        "color": "#759bfa",
        "category": {
            "name": "Nail Sculpting",
            "id": 2
        }
    },
    {
        "id": 14,
        "name": "???? ?????/?? ?'?",
        "price": "50",
        "duration": 30,
        "color": "#759bfa",
        "category": {
            "name": "Nail Sculpting",
            "id": 2
        }
    },
    {
        "id": 15,
        "name": "????? ?????????",
        "price": "0",
        "duration": 30,
        "color": "#759bfa",
        "category": {
            "name": "Nail Sculpting",
            "id": 2
        }
    },
    {
        "id": 16,
        "name": "????? ????",
        "price": "30",
        "duration": 15,
        "color": "#b8e986",
        "category": {
            "name": "Eyebrows / Mustache",
            "id": 3
        }
    },
    {
        "id": 17,
        "name": "???",
        "price": "30",
        "duration": 15,
        "color": "#b8e986",
        "category": {
            "name": "Eyebrows / Mustache",
            "id": 3
        }
    },
    {
        "id": 18,
        "name": "??? + ????",
        "price": "50",
        "duration": 30,
        "color": "#b8e986",
        "category": {
            "name": "Eyebrows / Mustache",
            "id": 3
        }
    }
]