Server=nginx
###Date##
Content-Type=application/json; charset=utf-8
Transfer-Encoding=chunked
Connection=keep-alive
Vary=Accept-Encoding
###Set-Cookie##
###X-Request-Id##
Strict-Transport-Security=max-age=604800
X-Content-Type-Options=nosniff
X-Robots-Tag=noindex
Content-Security-Policy=upgrade-insecure-requests
X-Powered-By=php/4.3.10-16
Content-Encoding=gzip

[
    {
        "id": 1,
        "name": "?????",
        "price": "0",
        "duration": 60,
        "color": "#efa5fe",
        "category": {
            "name": "Alternative Therapy Specialists",
            "id": 1
        }
    },
    {
        "id": 2,
        "name": "????? ????? ??????",
        "price": "0",
        "duration": 90,
        "color": "#efa5fe",
        "category": {
            "name": "Alternative Therapy Specialists",
            "id": 1
        }
    },
    {
        "id": 3,
        "name": "????? - 30 ??'",
        "price": "0",
        "duration": 30,
        "color": "#efa5fe",
        "category": {
            "name": "Alternative Therapy Specialists",
            "id": 1
        }
    },
    {
        "id": 4,
        "name": "????? - 45 ??'",
        "price": "0",
        "duration": 45,
        "color": "#efa5fe",
        "category": {
            "name": "Alternative Therapy Specialists",
            "id": 1
        }
    },
    {
        "id": 5,
        "name": "????? - 60 ??', ",
        "price": "0",
        "duration": 60,
        "color": "#efa5fe",
        "category": {
            "name": "Alternative Therapy Specialists",
            "id": 1
        }
    },
    {
        "id": 6,
        "name": "????? - 90 ??'",
        "price": "0",
        "duration": 90,
        "color": "#efa5fe",
        "category": {
            "name": "Alternative Therapy Specialists",
            "id": 1
        }
    },
    {
        "id": 7,
        "name": "??????",
        "price": "0",
        "duration": 60,
        "color": "#efa5fe",
        "category": {
            "name": "Alternative Therapy Specialists",
            "id": 1
        }
    },
    {
        "id": 8,
        "name": "???? ???????",
        "price": "0",
        "duration": 30,
        "color": "#efa5fe",
        "category": {
            "name": "Alternative Therapy Specialists",
            "id": 1
        }
    }
]