Server=nginx
###Date##
Content-Type=application/json; charset=utf-8
Transfer-Encoding=chunked
Connection=keep-alive
Vary=Accept-Encoding
###Set-Cookie##
###X-Request-Id##
Strict-Transport-Security=max-age=604800
X-Content-Type-Options=nosniff
X-Robots-Tag=noindex
Content-Security-Policy=upgrade-insecure-requests
X-Powered-By=php/4.3.10-16
Content-Encoding=gzip

[
    {
        "id": 1,
        "name": "????? ??????",
        "price": "0",
        "duration": 60,
        "color": "#efefff",
        "category": {
            "name": "Interior Designers and Architects",
            "id": 1
        }
    },
    {
        "id": 2,
        "name": "????? ????? ???? - ???",
        "price": "0",
        "duration": 60,
        "color": "#efefff",
        "category": {
            "name": "Interior Designers and Architects",
            "id": 1
        }
    },
    {
        "id": 3,
        "name": "????? ????? ????? - ??????",
        "price": "0",
        "duration": 120,
        "color": "#efefff",
        "category": {
            "name": "Interior Designers and Architects",
            "id": 1
        }
    },
    {
        "id": 4,
        "name": "????? ????? ????? - 3 ????",
        "price": "0",
        "duration": 180,
        "color": "#efefff",
        "category": {
            "name": "Interior Designers and Architects",
            "id": 1
        }
    },
    {
        "id": 5,
        "name": "??? ??? ?? ????",
        "price": "0",
        "duration": 360,
        "color": "#efefff",
        "category": {
            "name": "Interior Designers and Architects",
            "id": 1
        }
    }
]