[{"id":1,"name":"שיחה טלפונית","price":"0","duration":30,"color":"#50e3c1","category":{"name":"Installers and Technicians","id":1}},{"id":2,"name":"פגישת היכרות ","price":"0","duration":90,"color":"#50e3c1","category":{"name":"Installers and Technicians","id":1}},{"id":3,"name":"תיקון\/התקנה - 45 דק'","price":"0","duration":45,"color":"#50e3c1","category":{"name":"Installers and Technicians","id":1}},{"id":4,"name":"תיקון\/התקנה - 60 דק'","price":"0","duration":60,"color":"#50e3c1","category":{"name":"Installers and Technicians","id":1}},{"id":5,"name":"תיקון\/התקנה - 90 דק'","price":"0","duration":90,"color":"#50e3c1","category":{"name":"Installers and Technicians","id":1}},{"id":6,"name":"תיקון\/התקנה - 120 דק'","price":"0","duration":120,"color":"#50e3c1","category":{"name":"Installers and Technicians","id":1}}]