Server=nginx
###Date##
Content-Type=application/json; charset=utf-8
Transfer-Encoding=chunked
Connection=keep-alive
Vary=Accept-Encoding
###Set-Cookie##
###X-Request-Id##
Strict-Transport-Security=max-age=604800
X-Content-Type-Options=nosniff
X-Robots-Tag=noindex
Content-Security-Policy=upgrade-insecure-requests
X-Powered-By=php/4.3.10-16
Content-Encoding=gzip

[
    {
        "id": 1,
        "name": "Pgishat Iuts",
        "price": "0",
        "duration": 60,
        "color": "#759bfa",
        "category": {
            "name": "Makeup / Wedding Makeup",
            "id": 1
        }
    },
    {
        "id": 2,
        "name": "????r ?r?",
        "price": "300",
        "duration": 45,
        "color": "#759bfa",
        "category": {
            "name": "Makeup / Wedding Makeup",
            "id": 1
        }
    },
    {
        "id": 3,
        "name": "????r kala",
        "price": "800",
        "duration": 75,
        "color": "#759bfa",
        "category": {
            "name": "Makeup / Wedding Makeup",
            "id": 1
        }
    },
    {
        "id": 4,
        "name": "????r melave",
        "price": "250",
        "duration": 45,
        "color": "#759bfa",
        "category": {
            "name": "Makeup / Wedding Makeup",
            "id": 1
        }
    },
    {
        "id": 5,
        "name": "????r ??????",
        "price": "100",
        "duration": 60,
        "color": "#759bfa",
        "category": {
            "name": "Makeup / Wedding Makeup",
            "id": 1
        }
    },
    {
        "id": 6,
        "name": "??r??? ?r?",
        "price": "0",
        "duration": 90,
        "color": "#759bfa",
        "category": {
            "name": "Makeup / Wedding Makeup",
            "id": 1
        }
    },
    {
        "id": 7,
        "name": "??r??? kala",
        "price": "1200",
        "duration": 120,
        "color": "#759bfa",
        "category": {
            "name": "Makeup / Wedding Makeup",
            "id": 1
        }
    },
    {
        "id": 8,
        "name": "??r??? melave",
        "price": "300",
        "duration": 90,
        "color": "#759bfa",
        "category": {
            "name": "Makeup / Wedding Makeup",
            "id": 1
        }
    },
    {
        "id": 9,
        "name": "??r??? ??????",
        "price": "0",
        "duration": 60,
        "color": "#759bfa",
        "category": {
            "name": "Makeup / Wedding Makeup",
            "id": 1
        }
    },
    {
        "id": 10,
        "name": "????? kala (???r + ????r)",
        "price": "1700",
        "duration": 210,
        "color": "#759bfa",
        "category": {
            "name": "Makeup / Wedding Makeup",
            "id": 1
        }
    },
    {
        "id": 11,
        "name": "????? melave (???r + ????r)",
        "price": "500",
        "duration": 180,
        "color": "#759bfa",
        "category": {
            "name": "Makeup / Wedding Makeup",
            "id": 1
        }
    },
    {
        "id": 12,
        "name": "Agaa / ????? ???r??",
        "price": "0",
        "duration": 120,
        "color": "#759bfa",
        "category": {
            "name": "Makeup / Wedding Makeup",
            "id": 1
        }
    }
]