{"new_clients_amonth":1,"new_clients_this_year":1,"growth_services_amonth":"+0%","growth_paid_amonth":"+0%"}